[0.084s] Invoking command in '/home/hmue_gyi/dev_ws/src/edu_robot_sw/build/edu_robot_bt': CMAKE_PREFIX_PATH=/opt/ros/humble /usr/bin/cmake /home/hmue_gyi/dev_ws/src/edu_robot_sw/navigation/edu_robot_bt -DCMAKE_INSTALL_PREFIX=/home/hmue_gyi/dev_ws/src/edu_robot_sw/install/edu_robot_bt
[0.351s] -- The C compiler identification is GNU 11.4.0
[0.545s] -- The CXX compiler identification is GNU 11.4.0
[0.572s] -- Detecting C compiler ABI info
[0.864s] -- Detecting C compiler ABI info - done
[0.890s] -- Check for working C compiler: /usr/bin/cc - skipped
[0.891s] -- Detecting C compile features
[0.892s] -- Detecting C compile features - done
[0.905s] -- Detecting CXX compiler ABI info
[1.200s] -- Detecting CXX compiler ABI info - done
[1.223s] -- Check for working CXX compiler: /usr/bin/c++ - skipped
[1.224s] -- Detecting CXX compile features
[1.225s] -- Detecting CXX compile features - done
[1.234s] -- Found ament_cmake: 1.3.14 (/opt/ros/humble/share/ament_cmake/cmake)
[2.192s] -- Found Python3: /usr/bin/python3 (found version "3.10.12") found components: Interpreter 
[2.475s] -- Found rclcpp: 16.0.19 (/opt/ros/humble/share/rclcpp/cmake)
[2.606s] -- Found rosidl_generator_c: 3.1.9 (/opt/ros/humble/share/rosidl_generator_c/cmake)
[2.623s] -- Found rosidl_adapter: 3.1.9 (/opt/ros/humble/share/rosidl_adapter/cmake)
[2.653s] -- Found rosidl_generator_cpp: 3.1.9 (/opt/ros/humble/share/rosidl_generator_cpp/cmake)
[2.696s] -- Using all available rosidl_typesupport_c: rosidl_typesupport_fastrtps_c;rosidl_typesupport_introspection_c
[2.747s] -- Using all available rosidl_typesupport_cpp: rosidl_typesupport_fastrtps_cpp;rosidl_typesupport_introspection_cpp
[2.892s] -- Found rmw_implementation_cmake: 6.1.3 (/opt/ros/humble/share/rmw_implementation_cmake/cmake)
[2.901s] -- Found rmw_fastrtps_cpp: 6.2.10 (/opt/ros/humble/share/rmw_fastrtps_cpp/cmake)
[3.235s] -- Found OpenSSL: /usr/lib/x86_64-linux-gnu/libcrypto.so (found version "3.0.2")  
[3.327s] -- Found FastRTPS: /opt/ros/humble/include  
[3.464s] -- Using RMW implementation 'rmw_fastrtps_cpp' as default
[3.490s] -- Looking for pthread.h
[3.707s] -- Looking for pthread.h - found
[3.708s] -- Performing Test CMAKE_HAVE_LIBC_PTHREAD
[3.936s] -- Performing Test CMAKE_HAVE_LIBC_PTHREAD - Success
[3.939s] -- Found Threads: TRUE  
[4.097s] -- Found nav_msgs: 4.9.2 (/opt/ros/humble/share/nav_msgs/cmake)
[4.181s] -- Found ament_lint_auto: 0.12.15 (/opt/ros/humble/share/ament_lint_auto/cmake)
[4.385s] -- Added test 'lint_cmake' to check CMake code style
[4.390s] -- Added test 'xmllint' to check XML markup files
[4.394s] -- Configuring done
[4.410s] -- Generating done
[4.416s] -- Build files have been written to: /home/hmue_gyi/dev_ws/src/edu_robot_sw/build/edu_robot_bt
