[0.088s] Invoking command in '/home/hmue_gyi/dev_ws/src/edu_robot_sw/build/edu_robot_bringup': CMAKE_PREFIX_PATH=/opt/ros/humble /usr/bin/cmake /home/hmue_gyi/dev_ws/src/edu_robot_sw/navigation/edu_robot_bringup -DCMAKE_INSTALL_PREFIX=/home/hmue_gyi/dev_ws/src/edu_robot_sw/install/edu_robot_bringup
[0.350s] -- The C compiler identification is GNU 11.4.0
[0.539s] -- The CXX compiler identification is GNU 11.4.0
[0.565s] -- Detecting C compiler ABI info
[0.852s] -- Detecting C compiler ABI info - done
[0.876s] -- Check for working C compiler: /usr/bin/cc - skipped
[0.877s] -- Detecting C compile features
[0.878s] -- Detecting C compile features - done
[0.888s] -- Detecting CXX compiler ABI info
[1.178s] -- Detecting CXX compiler ABI info - done
[1.197s] -- Check for working CXX compiler: /usr/bin/c++ - skipped
[1.198s] -- Detecting CXX compile features
[1.198s] -- Detecting CXX compile features - done
[1.220s] -- Found ament_cmake: 1.3.14 (/opt/ros/humble/share/ament_cmake/cmake)
[2.424s] -- Found Python3: /usr/bin/python3 (found version "3.10.12") found components: Interpreter 
[2.653s] -- Found rclpy: 3.3.21 (/opt/ros/humble/share/rclpy/cmake)
[2.658s] -- Found rclcpp: 16.0.19 (/opt/ros/humble/share/rclcpp/cmake)
[2.792s] -- Found rosidl_generator_c: 3.1.9 (/opt/ros/humble/share/rosidl_generator_c/cmake)
[2.805s] -- Found rosidl_adapter: 3.1.9 (/opt/ros/humble/share/rosidl_adapter/cmake)
[2.829s] -- Found rosidl_generator_cpp: 3.1.9 (/opt/ros/humble/share/rosidl_generator_cpp/cmake)
[2.857s] -- Using all available rosidl_typesupport_c: rosidl_typesupport_fastrtps_c;rosidl_typesupport_introspection_c
[2.903s] -- Using all available rosidl_typesupport_cpp: rosidl_typesupport_fastrtps_cpp;rosidl_typesupport_introspection_cpp
[3.008s] -- Found rmw_implementation_cmake: 6.1.3 (/opt/ros/humble/share/rmw_implementation_cmake/cmake)
[3.015s] -- Found rmw_fastrtps_cpp: 6.2.10 (/opt/ros/humble/share/rmw_fastrtps_cpp/cmake)
[3.331s] -- Found OpenSSL: /usr/lib/x86_64-linux-gnu/libcrypto.so (found version "3.0.2")  
[3.429s] -- Found FastRTPS: /opt/ros/humble/include  
[3.557s] -- Using RMW implementation 'rmw_fastrtps_cpp' as default
[3.580s] -- Looking for pthread.h
[3.803s] -- Looking for pthread.h - found
[3.803s] -- Performing Test CMAKE_HAVE_LIBC_PTHREAD
[4.034s] -- Performing Test CMAKE_HAVE_LIBC_PTHREAD - Success
[4.037s] -- Found Threads: TRUE  
[4.169s] -- Found ament_lint_auto: 0.12.15 (/opt/ros/humble/share/ament_lint_auto/cmake)
[4.371s] -- Added test 'cppcheck' to perform static code analysis on C / C++ code
[4.371s] -- Configured cppcheck include dirs: 
[4.371s] -- Configured cppcheck exclude dirs and/or files: 
[4.372s] -- Added test 'flake8' to check Python code syntax and style conventions
[4.374s] -- Added test 'lint_cmake' to check CMake code style
[4.375s] -- Added test 'pep257' to check Python code against some of the docstring style conventions in PEP 257
[4.378s] -- Added test 'uncrustify' to check C / C++ code style
[4.379s] -- Configured uncrustify additional arguments: 
[4.380s] -- Added test 'xmllint' to check XML markup files
[4.383s] -- Configuring done
[4.429s] -- Generating done
[4.446s] -- Build files have been written to: /home/hmue_gyi/dev_ws/src/edu_robot_sw/build/edu_robot_bringup
