[0.079s] Invoking command in '/home/hmue_gyi/dev_ws/src/edu_robot_sw/build/rom_socket': /usr/bin/cmake /home/hmue_gyi/dev_ws/src/edu_robot_sw/rom_sdk/src/rom_socket -DCMAKE_INSTALL_PREFIX=/home/hmue_gyi/dev_ws/src/edu_robot_sw/install/rom_socket
[0.372s] -- The CXX compiler identification is GNU 11.4.0
[0.406s] -- Detecting CXX compiler ABI info
[0.734s] -- Detecting CXX compiler ABI info - done
[0.760s] -- Check for working CXX compiler: /usr/bin/c++ - skipped
[0.769s] -- Detecting CXX compile features
[0.773s] -- Detecting CXX compile features - done
[0.831s] -- Looking for C++ include pthread.h
[1.153s] -- Looking for C++ include pthread.h - found
[1.153s] -- Performing Test CMAKE_HAVE_LIBC_PTHREAD
[1.441s] -- Performing Test CMAKE_HAVE_LIBC_PTHREAD - Success
[1.443s] -- Found Threads: TRUE  
[1.479s] -- Performing Test HAVE_STDATOMIC
[1.969s] -- Performing Test HAVE_STDATOMIC - Success
[1.972s] -- Found WrapAtomic: TRUE  
[2.075s] -- Found PkgConfig: /usr/bin/pkg-config (found version "0.29.2") 
[2.077s] -- Checking for module 'mpv'
[2.092s] --   No package 'mpv' found
[2.093s] [31mCMake Error at /usr/share/cmake-3.22/Modules/FindPkgConfig.cmake:603 (message):
[2.093s]   A required package was not found
[2.094s] Call Stack (most recent call first):
[2.094s]   /usr/share/cmake-3.22/Modules/FindPkgConfig.cmake:825 (_pkg_check_modules_internal)
[2.094s]   CMakeLists.txt:22 (pkg_check_modules)
[2.094s] 
[2.095s] [0m
[2.095s] -- Configuring incomplete, errors occurred!
[2.095s] See also "/home/hmue_gyi/dev_ws/src/edu_robot_sw/build/rom_socket/CMakeFiles/CMakeOutput.log".
[2.108s] Invoked command in '/home/hmue_gyi/dev_ws/src/edu_robot_sw/build/rom_socket' returned '1': /usr/bin/cmake /home/hmue_gyi/dev_ws/src/edu_robot_sw/rom_sdk/src/rom_socket -DCMAKE_INSTALL_PREFIX=/home/hmue_gyi/dev_ws/src/edu_robot_sw/install/rom_socket
