[0.079s] Invoking command in '/home/hmue_gyi/dev_ws/src/edu_robot_sw/build/edu_robot_carto': CMAKE_PREFIX_PATH=/opt/ros/humble /usr/bin/cmake /home/hmue_gyi/dev_ws/src/edu_robot_sw/navigation/edu_robot_carto -DCMAKE_INSTALL_PREFIX=/home/hmue_gyi/dev_ws/src/edu_robot_sw/install/edu_robot_carto
[0.328s] -- The C compiler identification is GNU 11.4.0
[0.509s] -- The CXX compiler identification is GNU 11.4.0
[0.536s] -- Detecting C compiler ABI info
[0.822s] -- Detecting C compiler ABI info - done
[0.848s] -- Check for working C compiler: /usr/bin/cc - skipped
[0.849s] -- Detecting C compile features
[0.851s] -- Detecting C compile features - done
[0.863s] -- Detecting CXX compiler ABI info
[1.167s] -- Detecting CXX compiler ABI info - done
[1.188s] -- Check for working CXX compiler: /usr/bin/c++ - skipped
[1.189s] -- Detecting CXX compile features
[1.190s] -- Detecting CXX compile features - done
[1.199s] -- Found ament_cmake: 1.3.14 (/opt/ros/humble/share/ament_cmake/cmake)
[2.293s] -- Found Python3: /usr/bin/python3 (found version "3.10.12") found components: Interpreter 
[2.574s] [31mCMake Error at CMakeLists.txt:10 (find_package):
[2.574s]   By not providing "Findcartographer_ros.cmake" in CMAKE_MODULE_PATH this
[2.574s]   project has asked CMake to find a package configuration file provided by
[2.574s]   "cartographer_ros", but CMake did not find one.
[2.575s] 
[2.575s]   Could not find a package configuration file provided by "cartographer_ros"
[2.575s]   with any of the following names:
[2.575s] 
[2.575s]     cartographer_rosConfig.cmake
[2.575s]     cartographer_ros-config.cmake
[2.576s] 
[2.576s]   Add the installation prefix of "cartographer_ros" to CMAKE_PREFIX_PATH or
[2.576s]   set "cartographer_ros_DIR" to a directory containing one of the above
[2.576s]   files.  If "cartographer_ros" provides a separate development package or
[2.577s]   SDK, be sure it has been installed.
[2.577s] 
[2.577s] [0m
[2.577s] -- Configuring incomplete, errors occurred!
[2.577s] See also "/home/hmue_gyi/dev_ws/src/edu_robot_sw/build/edu_robot_carto/CMakeFiles/CMakeOutput.log".
