[0.099s] Invoking command in '/home/hmue_gyi/dev_ws/src/edu_robot_sw/build/rom_interfaces': CMAKE_PREFIX_PATH=/opt/ros/humble /usr/bin/cmake /home/hmue_gyi/dev_ws/src/edu_robot_sw/rom_sdk/src/rom_interfaces -DCMAKE_INSTALL_PREFIX=/home/hmue_gyi/dev_ws/src/edu_robot_sw/install/rom_interfaces
[0.387s] -- The C compiler identification is GNU 11.4.0
[0.594s] -- The CXX compiler identification is GNU 11.4.0
[0.620s] -- Detecting C compiler ABI info
[0.901s] -- Detecting C compiler ABI info - done
[0.932s] -- Check for working C compiler: /usr/bin/cc - skipped
[0.932s] -- Detecting C compile features
[0.933s] -- Detecting C compile features - done
[0.943s] -- Detecting CXX compiler ABI info
[1.228s] -- Detecting CXX compiler ABI info - done
[1.249s] -- Check for working CXX compiler: /usr/bin/c++ - skipped
[1.250s] -- Detecting CXX compile features
[1.251s] -- Detecting CXX compile features - done
[1.259s] -- Found ament_cmake: 1.3.14 (/opt/ros/humble/share/ament_cmake/cmake)
[2.227s] -- Found Python3: /usr/bin/python3 (found version "3.10.12") found components: Interpreter 
[2.505s] -- Found std_msgs: 4.9.2 (/opt/ros/humble/share/std_msgs/cmake)
[2.644s] -- Found rosidl_generator_c: 3.1.9 (/opt/ros/humble/share/rosidl_generator_c/cmake)
[2.665s] -- Found rosidl_adapter: 3.1.9 (/opt/ros/humble/share/rosidl_adapter/cmake)
[2.696s] -- Found rosidl_generator_cpp: 3.1.9 (/opt/ros/humble/share/rosidl_generator_cpp/cmake)
[2.735s] -- Using all available rosidl_typesupport_c: rosidl_typesupport_fastrtps_c;rosidl_typesupport_introspection_c
[2.787s] -- Using all available rosidl_typesupport_cpp: rosidl_typesupport_fastrtps_cpp;rosidl_typesupport_introspection_cpp
[2.867s] -- Found geometry_msgs: 4.9.2 (/opt/ros/humble/share/geometry_msgs/cmake)
[2.908s] -- Found rosidl_default_generators: 1.2.1 (/opt/ros/humble/share/rosidl_default_generators/cmake)
[3.841s] -- Found ament_cmake_ros: 0.10.0 (/opt/ros/humble/share/ament_cmake_ros/cmake)
[4.932s] -- Using all available rosidl_typesupport_c: rosidl_typesupport_fastrtps_c;rosidl_typesupport_introspection_c
[5.342s] -- Using all available rosidl_typesupport_cpp: rosidl_typesupport_fastrtps_cpp;rosidl_typesupport_introspection_cpp
[5.409s] -- Found PythonInterp: /usr/bin/python3 (found suitable version "3.10.12", minimum required is "3.6") 
[5.414s] -- Found python_cmake_module: 0.10.0 (/opt/ros/humble/share/python_cmake_module/cmake)
[5.489s] -- Found PythonLibs: /usr/lib/x86_64-linux-gnu/libpython3.10.so (found suitable version "3.10.12", minimum required is "3.5") 
[5.489s] -- Using PYTHON_EXECUTABLE: /usr/bin/python3
[5.489s] -- Using PYTHON_INCLUDE_DIRS: /usr/include/python3.10
[5.489s] -- Using PYTHON_LIBRARIES: /usr/lib/x86_64-linux-gnu/libpython3.10.so
[5.544s] -- Found PythonExtra: .so  
[5.906s] -- Found ament_lint_auto: 0.12.15 (/opt/ros/humble/share/ament_lint_auto/cmake)
[5.971s] -- Added test 'lint_cmake' to check CMake code style
[5.974s] -- Added test 'xmllint' to check XML markup files
[5.983s] -- Configuring done
[6.114s] -- Generating done
[6.146s] -- Build files have been written to: /home/hmue_gyi/dev_ws/src/edu_robot_sw/build/rom_interfaces
